-- rFunc-rename --
renaming "sFunc" to "rFunc" not possible because "github.com/Andyfoo/golang/x/tools/internal/lsp/rename/bad" has errors
